** Drc report for LAB5.kicad_pcb **
** Created on 2026-08-30T16:23:51 **
** Report includes: Errors, Warnings **

** Found 117 DRC violations **
[solder_mask_bridge]: Front solder mask aperture bridges items with different nets
    Rule: board setup solder mask min width; error
    @(65.3625 mm, 95.5500 mm): Pad 1 [/VDD_N] of U2 on F.Cu
    @(65.3625 mm, 96.5000 mm): Pad 2 [GND] of U2 on F.Cu
[solder_mask_bridge]: Front solder mask aperture bridges items with different nets
    Rule: board setup solder mask min width; error
    @(29.3300 mm, 98.3400 mm): Pad 2 [/D-] of USB1 on F.Cu
    @(28.6800 mm, 98.3400 mm): Pad 1 [/VDD_5V_IN] of USB1 on F.Cu
[solder_mask_bridge]: Front solder mask aperture bridges items with different nets
    Rule: board setup solder mask min width; error
    @(65.3625 mm, 96.5000 mm): Pad 2 [GND] of U2 on F.Cu
    @(65.3625 mm, 97.4500 mm): Pad 3 [Net-(U2-EN)] of U2 on F.Cu
[solder_mask_bridge]: Front solder mask aperture bridges items with different nets
    Rule: board setup solder mask min width; error
    @(55.4250 mm, 109.3650 mm): Pad 2 [Net-(U5-TH)] of U5 on F.Cu
    @(55.4250 mm, 110.6350 mm): Pad 3 [/1Hz] of U5 on F.Cu
[solder_mask_bridge]: Front solder mask aperture bridges items with different nets
    Rule: board setup solder mask min width; error
    @(29.3300 mm, 98.3400 mm): Pad 2 [/D-] of USB1 on F.Cu
    @(29.9800 mm, 98.3400 mm): Pad 3 [/D+] of USB1 on F.Cu
[solder_mask_bridge]: Front solder mask aperture bridges items with different nets
    Rule: board setup solder mask min width; error
    @(55.4250 mm, 110.6350 mm): Pad 3 [/1Hz] of U5 on F.Cu
    @(55.4250 mm, 111.9050 mm): Pad 4 [/VDD_5V] of U5 on F.Cu
[solder_mask_bridge]: Front solder mask aperture bridges items with different nets
    Rule: board setup solder mask min width; error
    @(29.9800 mm, 98.3400 mm): Pad 3 [/D+] of USB1 on F.Cu
    @(30.6300 mm, 98.3400 mm): Pad 4 [unconnected-(USB1-ID-Pad4)] of USB1 on F.Cu
[solder_mask_bridge]: Front solder mask aperture bridges items with different nets
    Rule: board setup solder mask min width; error
    @(30.6300 mm, 98.3400 mm): Pad 4 [unconnected-(USB1-ID-Pad4)] of USB1 on F.Cu
    @(31.2800 mm, 98.3400 mm): Pad 5 [GND] of USB1 on F.Cu
[solder_mask_bridge]: Front solder mask aperture bridges items with different nets
    Rule: board setup solder mask min width; error
    @(67.9800 mm, 101.5400 mm): PTH pad 4 [/P1-] of J7
    @(67.4500 mm, 102.5000 mm): Pad 2 [GND] of C5 on F.Cu
[solder_mask_bridge]: Front solder mask aperture bridges items with different nets
    Rule: board setup solder mask min width; error
    @(55.4250 mm, 108.0950 mm): Pad 1 [GND] of U5 on F.Cu
    @(55.4250 mm, 109.3650 mm): Pad 2 [Net-(U5-TH)] of U5 on F.Cu
[solder_mask_bridge]: Front solder mask aperture bridges items with different nets
    Rule: board setup solder mask min width; error
    @(60.5750 mm, 111.9050 mm): Pad 5 [Net-(U5-CV)] of U5 on F.Cu
    @(60.5750 mm, 110.6350 mm): Pad 6 [Net-(U5-TH)] of U5 on F.Cu
[solder_mask_bridge]: Front solder mask aperture bridges items with different nets
    Rule: board setup solder mask min width; error
    @(60.5750 mm, 110.6350 mm): Pad 6 [Net-(U5-TH)] of U5 on F.Cu
    @(60.5750 mm, 109.3650 mm): Pad 7 [Net-(U5-DC)] of U5 on F.Cu
[solder_mask_bridge]: Front solder mask aperture bridges items with different nets
    Rule: board setup solder mask min width; error
    @(60.5750 mm, 109.3650 mm): Pad 7 [Net-(U5-DC)] of U5 on F.Cu
    @(60.5750 mm, 108.0950 mm): Pad 8 [/VDD_5V] of U5 on F.Cu
[solder_mask_bridge]: Front solder mask aperture bridges items with different nets
    Rule: board setup solder mask min width; error
    @(67.6375 mm, 97.4500 mm): Pad 4 [Net-(U2-EN)] of U2 on F.Cu
    @(67.6375 mm, 96.5000 mm): Pad 5 [Net-(U2-C1+)] of U2 on F.Cu
[solder_mask_bridge]: Front solder mask aperture bridges items with different nets
    Rule: board setup solder mask min width; error
    @(67.6375 mm, 96.5000 mm): Pad 5 [Net-(U2-C1+)] of U2 on F.Cu
    @(67.6375 mm, 95.5500 mm): Pad 6 [Net-(U2-C1-)] of U2 on F.Cu
[copper_edge_clearance]: Board edge clearance violation (board setup constraints edge clearance 0.5000 mm; actual 0.2050 mm)
    Rule: board setup constraints edge; error
    @(25.0000 mm, 140.0000 mm): Segment on Edge.Cuts
    @(26.1050 mm, 102.1900 mm): PTH pad 8 [GND] of USB1
[copper_edge_clearance]: Board edge clearance violation (board setup constraints edge clearance 0.5000 mm; actual 0.2550 mm)
    Rule: board setup constraints edge; error
    @(25.0000 mm, 140.0000 mm): Segment on Edge.Cuts
    @(26.2550 mm, 98.3900 mm): PTH pad 9 [GND] of USB1
[courtyards_overlap]: Courtyards overlap
    Rule: board setup constraints courtyard; error
    @(40.0000 mm, 95.0000 mm): Footprint SW2
    @(30.0000 mm, 96.0000 mm): Footprint USB1
[courtyards_overlap]: Courtyards overlap
    Rule: board setup constraints courtyard; error
    @(40.0000 mm, 95.0000 mm): Footprint SW2
    @(45.5000 mm, 96.5000 mm): Footprint C1
[courtyards_overlap]: Courtyards overlap
    Rule: board setup constraints courtyard; error
    @(64.4000 mm, 102.5000 mm): Footprint J7
    @(66.5000 mm, 102.5000 mm): Footprint C5
[pth_inside_courtyard]: PTH inside courtyard
    Local override; error
    @(67.9800 mm, 101.5400 mm): PTH pad 4 [/P1-] of J7
    @(66.5000 mm, 102.5000 mm): Footprint C5
[courtyards_overlap]: Courtyards overlap
    Rule: board setup constraints courtyard; error
    @(30.0000 mm, 96.0000 mm): Footprint USB1
    @(30.0000 mm, 106.0000 mm): Footprint C6
[shorting_items]: Items shorting two nets (nets /VDD_5V_IN and /D-)
    Local override; error
    @(28.6800 mm, 98.3400 mm): Pad 1 [/VDD_5V_IN] of USB1 on F.Cu
    @(29.3300 mm, 98.3400 mm): Pad 2 [/D-] of USB1 on F.Cu
[shorting_items]: Items shorting two nets (nets /VDD_5V_IN and /D+)
    Local override; error
    @(28.6800 mm, 98.3400 mm): Pad 1 [/VDD_5V_IN] of USB1 on F.Cu
    @(29.9800 mm, 98.3400 mm): Pad 3 [/D+] of USB1 on F.Cu
[shorting_items]: Items shorting two nets (nets /D- and /D+)
    Local override; error
    @(29.3300 mm, 98.3400 mm): Pad 2 [/D-] of USB1 on F.Cu
    @(29.9800 mm, 98.3400 mm): Pad 3 [/D+] of USB1 on F.Cu
[shorting_items]: Items shorting two nets (nets /D- and unconnected-(USB1-ID-Pad4))
    Local override; error
    @(29.3300 mm, 98.3400 mm): Pad 2 [/D-] of USB1 on F.Cu
    @(30.6300 mm, 98.3400 mm): Pad 4 [unconnected-(USB1-ID-Pad4)] of USB1 on F.Cu
[shorting_items]: Items shorting two nets (nets /D+ and unconnected-(USB1-ID-Pad4))
    Local override; error
    @(29.9800 mm, 98.3400 mm): Pad 3 [/D+] of USB1 on F.Cu
    @(30.6300 mm, 98.3400 mm): Pad 4 [unconnected-(USB1-ID-Pad4)] of USB1 on F.Cu
[shorting_items]: Items shorting two nets (nets /D+ and GND)
    Local override; error
    @(29.9800 mm, 98.3400 mm): Pad 3 [/D+] of USB1 on F.Cu
    @(31.2800 mm, 98.3400 mm): Pad 5 [GND] of USB1 on F.Cu
[shorting_items]: Items shorting two nets (nets unconnected-(USB1-ID-Pad4) and GND)
    Local override; error
    @(30.6300 mm, 98.3400 mm): Pad 4 [unconnected-(USB1-ID-Pad4)] of USB1 on F.Cu
    @(31.2800 mm, 98.3400 mm): Pad 5 [GND] of USB1 on F.Cu
[shorting_items]: Items shorting two nets (nets Net-(U5-TH) and GND)
    Local override; error
    @(55.4250 mm, 109.3650 mm): Pad 2 [Net-(U5-TH)] of U5 on F.Cu
    @(55.4250 mm, 108.0950 mm): Pad 1 [GND] of U5 on F.Cu
[shorting_items]: Items shorting two nets (nets Net-(U5-TH) and /1Hz)
    Local override; error
    @(55.4250 mm, 109.3650 mm): Pad 2 [Net-(U5-TH)] of U5 on F.Cu
    @(55.4250 mm, 110.6350 mm): Pad 3 [/1Hz] of U5 on F.Cu
[shorting_items]: Items shorting two nets (nets /1Hz and /VDD_5V)
    Local override; error
    @(55.4250 mm, 110.6350 mm): Pad 3 [/1Hz] of U5 on F.Cu
    @(55.4250 mm, 111.9050 mm): Pad 4 [/VDD_5V] of U5 on F.Cu
[shorting_items]: Items shorting two nets (nets Net-(U5-CV) and Net-(U5-TH))
    Local override; error
    @(60.5750 mm, 111.9050 mm): Pad 5 [Net-(U5-CV)] of U5 on F.Cu
    @(60.5750 mm, 110.6350 mm): Pad 6 [Net-(U5-TH)] of U5 on F.Cu
[shorting_items]: Items shorting two nets (nets /P1- and GND)
    Local override; error
    @(67.9800 mm, 101.5400 mm): PTH pad 4 [/P1-] of J7
    @(67.4500 mm, 102.5000 mm): Pad 2 [GND] of C5 on F.Cu
[shorting_items]: Items shorting two nets (nets Net-(U5-TH) and Net-(U5-DC))
    Local override; error
    @(60.5750 mm, 110.6350 mm): Pad 6 [Net-(U5-TH)] of U5 on F.Cu
    @(60.5750 mm, 109.3650 mm): Pad 7 [Net-(U5-DC)] of U5 on F.Cu
[shorting_items]: Items shorting two nets (nets Net-(U5-DC) and /VDD_5V)
    Local override; error
    @(60.5750 mm, 109.3650 mm): Pad 7 [Net-(U5-DC)] of U5 on F.Cu
    @(60.5750 mm, 108.0950 mm): Pad 8 [/VDD_5V] of U5 on F.Cu
[shorting_items]: Items shorting two nets (nets GND and /VDD_N)
    Local override; error
    @(65.3625 mm, 96.5000 mm): Pad 2 [GND] of U2 on F.Cu
    @(65.3625 mm, 95.5500 mm): Pad 1 [/VDD_N] of U2 on F.Cu
[shorting_items]: Items shorting two nets (nets GND and Net-(U2-EN))
    Local override; error
    @(65.3625 mm, 96.5000 mm): Pad 2 [GND] of U2 on F.Cu
    @(65.3625 mm, 97.4500 mm): Pad 3 [Net-(U2-EN)] of U2 on F.Cu
[shorting_items]: Items shorting two nets (nets Net-(U2-EN) and Net-(U2-C1+))
    Local override; error
    @(67.6375 mm, 97.4500 mm): Pad 4 [Net-(U2-EN)] of U2 on F.Cu
    @(67.6375 mm, 96.5000 mm): Pad 5 [Net-(U2-C1+)] of U2 on F.Cu
[shorting_items]: Items shorting two nets (nets Net-(U2-C1+) and Net-(U2-C1-))
    Local override; error
    @(67.6375 mm, 96.5000 mm): Pad 5 [Net-(U2-C1+)] of U2 on F.Cu
    @(67.6375 mm, 95.5500 mm): Pad 6 [Net-(U2-C1-)] of U2 on F.Cu
[silk_overlap]: Silkscreen clearance
    Rule: board setup constraints silk; warning
    @(35.3500 mm, 126.5000 mm): Reference field of R2
    @(36.2650 mm, 126.7271 mm): Segment of R2 on F.Silkscreen
[silk_overlap]: Silkscreen clearance
    Rule: board setup constraints silk; warning
    @(67.7100 mm, 110.4250 mm): Segment of C11 on F.Silkscreen
    @(67.5500 mm, 109.2500 mm): Reference field of C11
[silk_overlap]: Silkscreen clearance
    Rule: board setup constraints silk; warning
    @(67.7500 mm, 110.4280 mm): Segment of C11 on F.Silkscreen
    @(67.5500 mm, 109.2500 mm): Reference field of C11
[silk_overlap]: Silkscreen clearance
    Rule: board setup constraints silk; warning
    @(60.2650 mm, 126.7271 mm): Segment of R6 on F.Silkscreen
    @(59.3500 mm, 126.5000 mm): Reference field of R6
[silk_overlap]: Silkscreen clearance
    Rule: board setup constraints silk; warning
    @(42.2650 mm, 126.7271 mm): Segment of R3 on F.Silkscreen
    @(41.3500 mm, 126.5000 mm): Reference field of R3
[silk_overlap]: Silkscreen clearance
    Rule: board setup constraints silk; warning
    @(48.2650 mm, 126.7271 mm): Segment of R4 on F.Silkscreen
    @(47.3500 mm, 126.5000 mm): Reference field of R4
[silk_overlap]: Silkscreen clearance
    Rule: board setup constraints silk; warning
    @(54.2650 mm, 126.7271 mm): Segment of R5 on F.Silkscreen
    @(53.3500 mm, 126.5000 mm): Reference field of R5
[silk_overlap]: Silkscreen clearance
    Rule: board setup constraints silk; warning
    @(67.9100 mm, 110.4450 mm): Segment of C11 on F.Silkscreen
    @(67.5500 mm, 109.2500 mm): Reference field of C11
[silk_overlap]: Silkscreen clearance
    Rule: board setup constraints silk; warning
    @(67.9500 mm, 110.4510 mm): Segment of C11 on F.Silkscreen
    @(67.5500 mm, 109.2500 mm): Reference field of C11
[silk_overlap]: Silkscreen clearance
    Rule: board setup constraints silk; warning
    @(67.7900 mm, 110.4310 mm): Segment of C11 on F.Silkscreen
    @(67.5500 mm, 109.2500 mm): Reference field of C11
[silk_overlap]: Silkscreen clearance
    Rule: board setup constraints silk; warning
    @(67.5500 mm, 109.2500 mm): Reference field of C11
    @(67.8300 mm, 110.4350 mm): Segment of C11 on F.Silkscreen
[silk_overlap]: Silkscreen clearance
    Rule: board setup constraints silk; warning
    @(67.5500 mm, 109.2500 mm): Reference field of C11
    @(67.8700 mm, 110.4400 mm): Segment of C11 on F.Silkscreen
[silk_overlap]: Silkscreen clearance
    Rule: board setup constraints silk; warning
    @(67.9900 mm, 110.4570 mm): Segment of C11 on F.Silkscreen
    @(67.5500 mm, 109.2500 mm): Reference field of C11
[silk_overlap]: Silkscreen clearance
    Rule: board setup constraints silk; warning
    @(67.5500 mm, 113.0000 mm): Circle of C11 on F.Silkscreen
    @(67.5500 mm, 109.2500 mm): Reference field of C11
[silk_overlap]: Silkscreen clearance
    Rule: board setup constraints silk; warning
    @(67.6700 mm, 110.4230 mm): Segment of C11 on F.Silkscreen
    @(67.5500 mm, 109.2500 mm): Reference field of C11
[silk_overlap]: Silkscreen clearance
    Rule: board setup constraints silk; warning
    @(67.5500 mm, 110.4200 mm): Segment of C11 on F.Silkscreen
    @(67.5500 mm, 109.2500 mm): Reference field of C11
[silk_overlap]: Silkscreen clearance
    Rule: board setup constraints silk; warning
    @(67.5900 mm, 110.4200 mm): Segment of C11 on F.Silkscreen
    @(67.5500 mm, 109.2500 mm): Reference field of C11
[silk_overlap]: Silkscreen clearance
    Rule: board setup constraints silk; warning
    @(67.6300 mm, 110.4210 mm): Segment of C11 on F.Silkscreen
    @(67.5500 mm, 109.2500 mm): Reference field of C11
[silk_overlap]: Silkscreen clearance
    Rule: board setup constraints silk; warning
    @(58.0000 mm, 106.6000 mm): Reference field of U5
    @(55.9400 mm, 107.4400 mm): Segment of U5 on F.Silkscreen
[silk_overlap]: Silkscreen clearance
    Rule: board setup constraints silk; warning
    @(65.5900 mm, 94.9400 mm): Segment of U2 on F.Silkscreen
    @(66.5000 mm, 94.1000 mm): Reference field of U2
[silk_overlap]: Silkscreen clearance
    Rule: board setup constraints silk; warning
    @(45.7350 mm, 93.8100 mm): Reference field of C1
    @(34.1500 mm, 93.0100 mm): Rectangle of SW2 on F.Silkscreen
[silk_overlap]: Silkscreen clearance
    Rule: board setup constraints silk; warning
    @(66.2200 mm, 105.1400 mm): Rectangle of J7 on F.Silkscreen
    @(66.5000 mm, 100.8200 mm): Reference field of C5
[silk_overlap]: Silkscreen clearance
    Rule: board setup constraints silk; warning
    @(66.2387 mm, 101.7650 mm): Segment of C5 on F.Silkscreen
    @(66.2200 mm, 105.1400 mm): Rectangle of J7 on F.Silkscreen
[silk_overlap]: Silkscreen clearance
    Rule: board setup constraints silk; warning
    @(66.2387 mm, 103.2350 mm): Segment of C5 on F.Silkscreen
    @(66.2200 mm, 105.1400 mm): Rectangle of J7 on F.Silkscreen
[silk_overlap]: Silkscreen clearance
    Rule: board setup constraints silk; warning
    @(66.2200 mm, 105.1400 mm): Rectangle of J7 on F.Silkscreen
    @(71.7500 mm, 104.7500 mm): Reference field of C10
[silk_overlap]: Silkscreen clearance
    Rule: board setup constraints silk; warning
    @(34.0000 mm, 103.1600 mm): Segment of U3 on F.Silkscreen
    @(33.8300 mm, 103.5400 mm): Segment of USB1 on F.Silkscreen
[silk_over_copper]: Silkscreen clipped by solder mask
    Local override; warning
    @(41.3500 mm, 126.5000 mm): Reference field of R3
    @(40.0000 mm, 127.5000 mm): PTH pad 1 [/VDD_3V3] of J3
[silk_over_copper]: Silkscreen clipped by solder mask
    Local override; warning
    @(55.2000 mm, 128.5400 mm): Reference field of J5
    @(55.0000 mm, 127.4125 mm): Pad 1 [Net-(D6-A)] of R5 on F.Cu
[silk_over_copper]: Silkscreen clipped by solder mask
    Local override; warning
    @(55.4000 mm, 107.5300 mm): Polygon of U5 on F.Silkscreen
    @(55.4250 mm, 108.0950 mm): Pad 1 [GND] of U5 on F.Cu
[silk_over_copper]: Silkscreen clipped by solder mask
    Local override; warning
    @(54.8200 mm, 96.5000 mm): Reference field of C2
    @(54.1500 mm, 96.5000 mm): Pad 2 [/VDD_3V3] of U1 on F.Cu
[silk_over_copper]: Silkscreen clipped by solder mask
    Local override; warning
    @(65.5900 mm, 94.9900 mm): Segment of U2 on F.Silkscreen
    @(65.3625 mm, 95.5500 mm): Pad 1 [/VDD_N] of U2 on F.Cu
[silk_over_copper]: Silkscreen clipped by solder mask
    Local override; warning
    @(65.0500 mm, 94.9900 mm): Polygon of U2 on F.Silkscreen
    @(65.3625 mm, 95.5500 mm): Pad 1 [/VDD_N] of U2 on F.Cu
[silk_over_copper]: Silkscreen clipped by solder mask
    Local override; warning
    @(34.1500 mm, 93.0100 mm): Rectangle of SW2 on F.Silkscreen
    @(45.5000 mm, 97.4500 mm): Pad 1 [Net-(U2-EN)] of C1 on F.Cu
[silk_over_copper]: Silkscreen clipped by solder mask
    Local override; warning
    @(44.7650 mm, 96.7613 mm): Segment of C1 on F.Silkscreen
    @(43.9700 mm, 95.0000 mm): PTH pad 5 [GND] of SW2
[silk_over_copper]: Silkscreen clipped by solder mask
    Local override; warning
    @(34.1500 mm, 93.0100 mm): Rectangle of SW2 on F.Silkscreen
    @(45.5000 mm, 95.5500 mm): Pad 2 [GND] of C1 on F.Cu
[silk_over_copper]: Silkscreen clipped by solder mask
    Local override; warning
    @(66.2200 mm, 105.1400 mm): Rectangle of J7 on F.Silkscreen
    @(65.5500 mm, 102.5000 mm): Pad 1 [/VDD_3V3] of C5 on F.Cu
[silk_over_copper]: Silkscreen clipped by solder mask
    Local override; warning
    @(65.5900 mm, 94.9400 mm): Segment of U2 on F.Silkscreen
    @(65.3625 mm, 95.5500 mm): Pad 1 [/VDD_N] of U2 on F.Cu
[silk_over_copper]: Silkscreen clipped by solder mask
    Local override; warning
    @(65.5900 mm, 94.9400 mm): Segment of U2 on F.Silkscreen
    @(67.6375 mm, 95.5500 mm): Pad 6 [Net-(U2-C1-)] of U2 on F.Cu
[silk_over_copper]: Silkscreen clipped by solder mask
    Local override; warning
    @(67.4100 mm, 94.9400 mm): Segment of U2 on F.Silkscreen
    @(67.6375 mm, 95.5500 mm): Pad 6 [Net-(U2-C1-)] of U2 on F.Cu
[silk_over_copper]: Silkscreen clipped by solder mask
    Local override; warning
    @(67.4100 mm, 98.0600 mm): Segment of U2 on F.Silkscreen
    @(65.3625 mm, 97.4500 mm): Pad 3 [Net-(U2-EN)] of U2 on F.Cu
[silk_over_copper]: Silkscreen clipped by solder mask
    Local override; warning
    @(67.4100 mm, 98.0600 mm): Segment of U2 on F.Silkscreen
    @(67.6375 mm, 97.4500 mm): Pad 4 [Net-(U2-EN)] of U2 on F.Cu
[silk_over_copper]: Silkscreen clipped by solder mask
    Local override; warning
    @(65.5900 mm, 98.0600 mm): Segment of U2 on F.Silkscreen
    @(65.3625 mm, 97.4500 mm): Pad 3 [Net-(U2-EN)] of U2 on F.Cu
[silk_over_copper]: Silkscreen clipped by solder mask
    Local override; warning
    @(67.4100 mm, 98.0100 mm): Segment of U2 on F.Silkscreen
    @(67.6375 mm, 97.4500 mm): Pad 4 [Net-(U2-EN)] of U2 on F.Cu
[silk_over_copper]: Silkscreen clipped by solder mask
    Local override; warning
    @(71.7500 mm, 104.7500 mm): Reference field of C10
    @(70.5200 mm, 104.0800 mm): PTH pad 2 [/P1+] of J7
[silk_over_copper]: Silkscreen clipped by solder mask
    Local override; warning
    @(71.7500 mm, 104.7500 mm): Reference field of C10
    @(73.0600 mm, 104.0800 mm): PTH pad 3 [/P1+] of J7
[lib_footprint_issues]: The current configuration does not include the footprint library 'LAB3_CA1_14'
    Local override; warning
    @(64.4000 mm, 120.5000 mm): Footprint J8
[lib_footprint_issues]: The current configuration does not include the footprint library 'LAB3_CA1_14'
    Local override; warning
    @(37.5000 mm, 110.0000 mm): Footprint U3
[lib_footprint_issues]: The current configuration does not include the footprint library 'LAB3_CA1_14'
    Local override; warning
    @(40.0000 mm, 95.0000 mm): Footprint SW2
[lib_footprint_mismatch]: Footprint 'CP_Radial_D5.0mm_P2.50mm' does not match copy in library 'Capacitor_THT'
    Local override; warning
    @(66.3000 mm, 113.0000 mm): Footprint C11
[lib_footprint_mismatch]: Footprint 'C_0805_2012Metric' does not match copy in library 'Capacitor_SMD'
    Local override; warning
    @(61.5000 mm, 96.5000 mm): Footprint C3
[lib_footprint_issues]: The current configuration does not include the footprint library 'LAB3_CA1_14'
    Local override; warning
    @(63.7000 mm, 128.7000 mm): Footprint J6
[lib_footprint_mismatch]: Footprint 'R_0805_2012Metric' does not match copy in library 'Resistor_SMD'
    Local override; warning
    @(31.0000 mm, 126.5000 mm): Footprint R1
[lib_footprint_mismatch]: Footprint 'C_0805_2012Metric' does not match copy in library 'Capacitor_SMD'
    Local override; warning
    @(30.0000 mm, 112.0000 mm): Footprint C7
[lib_footprint_mismatch]: Footprint 'R_0805_2012Metric' does not match copy in library 'Resistor_SMD'
    Local override; warning
    @(43.0000 mm, 126.5000 mm): Footprint R3
[lib_footprint_mismatch]: Footprint 'R_0805_2012Metric' does not match copy in library 'Resistor_SMD'
    Local override; warning
    @(52.0000 mm, 112.0000 mm): Footprint R8
[lib_footprint_mismatch]: Footprint 'PinHeader_1x03_P2.54mm_Vertical' does not match copy in library 'Connector_PinHeader_2.54mm'
    Local override; warning
    @(30.0000 mm, 132.0000 mm): Footprint J1
[lib_footprint_mismatch]: Footprint 'C_0805_2012Metric' does not match copy in library 'Capacitor_SMD'
    Local override; warning
    @(56.5000 mm, 96.5000 mm): Footprint C2
[lib_footprint_issues]: The current configuration does not include the footprint library 'LAB3_CA1_14'
    Local override; warning
    @(64.4000 mm, 102.5000 mm): Footprint J7
[lib_footprint_mismatch]: Footprint 'C_0805_2012Metric' does not match copy in library 'Capacitor_SMD'
    Local override; warning
    @(43.5000 mm, 112.0000 mm): Footprint C9
[lib_footprint_mismatch]: Footprint 'LED_0805_2012Metric' does not match copy in library 'LED_SMD'
    Local override; warning
    @(43.0000 mm, 122.0000 mm): Footprint D3
[lib_footprint_mismatch]: Footprint 'SOT-23-6' does not match copy in library 'Package_TO_SOT_SMD'
    Local override; warning
    @(66.5000 mm, 96.5000 mm): Footprint U2
[lib_footprint_mismatch]: Footprint 'R_0805_2012Metric' does not match copy in library 'Resistor_SMD'
    Local override; warning
    @(49.0000 mm, 126.5000 mm): Footprint R4
[lib_footprint_mismatch]: Footprint 'LED_0805_2012Metric' does not match copy in library 'LED_SMD'
    Local override; warning
    @(37.0000 mm, 122.0000 mm): Footprint D2
[lib_footprint_mismatch]: Footprint 'PinHeader_1x02_P2.54mm_Vertical' does not match copy in library 'Connector_PinHeader_2.54mm'
    Local override; warning
    @(48.0000 mm, 134.0000 mm): Footprint J4
[lib_footprint_mismatch]: Footprint 'R_0805_2012Metric' does not match copy in library 'Resistor_SMD'
    Local override; warning
    @(37.0000 mm, 126.5000 mm): Footprint R2
[lib_footprint_mismatch]: Footprint 'C_0805_2012Metric' does not match copy in library 'Capacitor_SMD'
    Local override; warning
    @(66.5000 mm, 102.5000 mm): Footprint C5
[lib_footprint_mismatch]: Footprint 'R_0805_2012Metric' does not match copy in library 'Resistor_SMD'
    Local override; warning
    @(55.0000 mm, 126.5000 mm): Footprint R5
[lib_footprint_mismatch]: Footprint 'PinHeader_1x05_P2.54mm_Vertical' does not match copy in library 'Connector_PinHeader_2.54mm'
    Local override; warning
    @(40.0000 mm, 127.5000 mm): Footprint J3
[lib_footprint_mismatch]: Footprint 'CP_Radial_D5.0mm_P2.50mm' does not match copy in library 'Capacitor_THT'
    Local override; warning
    @(70.5000 mm, 108.5000 mm): Footprint C10
[lib_footprint_mismatch]: Footprint 'C_0805_2012Metric' does not match copy in library 'Capacitor_SMD'
    Local override; warning
    @(43.5000 mm, 106.0000 mm): Footprint C8
[lib_footprint_mismatch]: Footprint 'SO-8_3.9x4.9mm_P1.27mm' does not match copy in library 'Package_SO'
    Local override; warning
    @(58.0000 mm, 110.0000 mm): Footprint U5
[lib_footprint_mismatch]: Footprint 'LED_0805_2012Metric' does not match copy in library 'LED_SMD'
    Local override; warning
    @(31.0000 mm, 122.0000 mm): Footprint D1
[lib_footprint_issues]: The current configuration does not include the footprint library 'LAB3_CA1_14'
    Local override; warning
    @(30.0000 mm, 96.0000 mm): Footprint USB1
[lib_footprint_mismatch]: Footprint 'C_0805_2012Metric' does not match copy in library 'Capacitor_SMD'
    Local override; warning
    @(30.0000 mm, 106.0000 mm): Footprint C6
[lib_footprint_mismatch]: Footprint 'R_0805_2012Metric' does not match copy in library 'Resistor_SMD'
    Local override; warning
    @(61.0000 mm, 126.5000 mm): Footprint R6
[lib_footprint_mismatch]: Footprint 'C_0805_2012Metric' does not match copy in library 'Capacitor_SMD'
    Local override; warning
    @(45.5000 mm, 96.5000 mm): Footprint C1
[lib_footprint_issues]: The current configuration does not include the footprint library 'LAB3_CA1_14'
    Local override; warning
    @(55.2000 mm, 128.7000 mm): Footprint J5

** Found 94 unconnected pads **
[unconnected_items]: Missing connection between items
    Local override; error
    @(67.9800 mm, 122.0800 mm): PTH pad 1 [/P2+] of J8
    @(64.0400 mm, 135.0900 mm): PTH pad 2 [/P2+] of J6
[unconnected_items]: Missing connection between items
    Local override; error
    @(70.5200 mm, 122.0800 mm): PTH pad 2 [/P2+] of J8
    @(67.9800 mm, 122.0800 mm): PTH pad 1 [/P2+] of J8
[unconnected_items]: Missing connection between items
    Local override; error
    @(73.0600 mm, 122.0800 mm): PTH pad 3 [/P2+] of J8
    @(70.5200 mm, 122.0800 mm): PTH pad 2 [/P2+] of J8
[unconnected_items]: Missing connection between items
    Local override; error
    @(67.9800 mm, 119.5400 mm): PTH pad 4 [/P2-] of J8
    @(61.5000 mm, 135.0900 mm): PTH pad 5 [/P2-] of J6
[unconnected_items]: Missing connection between items
    Local override; error
    @(70.5200 mm, 119.5400 mm): PTH pad 5 [/P2-] of J8
    @(67.9800 mm, 119.5400 mm): PTH pad 4 [/P2-] of J8
[unconnected_items]: Missing connection between items
    Local override; error
    @(73.0600 mm, 119.5400 mm): PTH pad 6 [/P2-] of J8
    @(70.5200 mm, 119.5400 mm): PTH pad 5 [/P2-] of J8
[unconnected_items]: Missing connection between items
    Local override; error
    @(26.2550 mm, 98.3900 mm): PTH pad 9 [GND] of USB1
    @(26.1050 mm, 102.1900 mm): PTH pad 8 [GND] of USB1
[unconnected_items]: Missing connection between items
    Local override; error
    @(30.0625 mm, 122.0000 mm): Pad 1 [GND] of D1 on F.Cu
    @(36.0625 mm, 122.0000 mm): Pad 1 [GND] of D2 on F.Cu
[unconnected_items]: Missing connection between items
    Local override; error
    @(30.0625 mm, 122.0000 mm): Pad 1 [GND] of D1 on F.Cu
    @(29.0500 mm, 112.0000 mm): Pad 1 [GND] of C7 on F.Cu
[unconnected_items]: Missing connection between items
    Local override; error
    @(30.9500 mm, 106.0000 mm): Pad 2 [GND] of C6 on F.Cu
    @(29.0500 mm, 112.0000 mm): Pad 1 [GND] of C7 on F.Cu
[unconnected_items]: Missing connection between items
    Local override; error
    @(31.2800 mm, 98.3400 mm): Pad 5 [GND] of USB1 on F.Cu
    @(33.7050 mm, 98.3900 mm): PTH pad 6 [GND] of USB1
[unconnected_items]: Missing connection between items
    Local override; error
    @(31.2800 mm, 98.3400 mm): Pad 5 [GND] of USB1 on F.Cu
    @(26.2550 mm, 98.3900 mm): PTH pad 9 [GND] of USB1
[unconnected_items]: Missing connection between items
    Local override; error
    @(33.7050 mm, 98.3900 mm): PTH pad 6 [GND] of USB1
    @(41.8500 mm, 95.0000 mm): PTH pad 4 [GND] of SW2
[unconnected_items]: Missing connection between items
    Local override; error
    @(33.8550 mm, 102.1900 mm): PTH pad 7 [GND] of USB1
    @(33.7050 mm, 98.3900 mm): PTH pad 6 [GND] of USB1
[unconnected_items]: Missing connection between items
    Local override; error
    @(34.2975 mm, 106.2700 mm): Pad 3 [GND] of U3 on F.Cu
    @(30.9500 mm, 106.0000 mm): Pad 2 [GND] of C6 on F.Cu
[unconnected_items]: Missing connection between items
    Local override; error
    @(34.2975 mm, 106.2700 mm): Pad 3 [GND] of U3 on F.Cu
    @(33.8550 mm, 102.1900 mm): PTH pad 7 [GND] of USB1
[unconnected_items]: Missing connection between items
    Local override; error
    @(36.0625 mm, 122.0000 mm): Pad 1 [GND] of D2 on F.Cu
    @(43.9375 mm, 122.0000 mm): Pad 2 [GND] of D3 on F.Cu
[unconnected_items]: Missing connection between items
    Local override; error
    @(36.6100 mm, 105.7700 mm): Pad 0 [GND] of U3 on F.Cu
    @(34.2975 mm, 106.2700 mm): Pad 3 [GND] of U3 on F.Cu
[unconnected_items]: Missing connection between items
    Local override; error
    @(36.6100 mm, 105.7700 mm): Pad 0 [GND] of U3 on F.Cu
    @(42.5500 mm, 106.0000 mm): Pad 1 [GND] of C8 on F.Cu
[unconnected_items]: Missing connection between items
    Local override; error
    @(40.0000 mm, 137.6600 mm): PTH pad 5 [GND] of J3
    @(48.0000 mm, 134.0000 mm): PTH pad 1 [GND] of J4
[unconnected_items]: Missing connection between items
    Local override; error
    @(42.5500 mm, 106.0000 mm): Pad 1 [GND] of C8 on F.Cu
    @(55.4250 mm, 108.0950 mm): Pad 1 [GND] of U5 on F.Cu
[unconnected_items]: Missing connection between items
    Local override; error
    @(43.9700 mm, 95.0000 mm): PTH pad 5 [GND] of SW2
    @(41.8500 mm, 95.0000 mm): PTH pad 4 [GND] of SW2
[unconnected_items]: Missing connection between items
    Local override; error
    @(45.5000 mm, 95.5500 mm): Pad 2 [GND] of C1 on F.Cu
    @(47.8500 mm, 94.2000 mm): Pad 1 [GND] of U1 on F.Cu
[unconnected_items]: Missing connection between items
    Local override; error
    @(48.0000 mm, 134.0000 mm): PTH pad 1 [GND] of J4
    @(53.0000 mm, 137.6300 mm): PTH pad 6 [GND] of J5
[unconnected_items]: Missing connection between items
    Local override; error
    @(48.0625 mm, 122.0000 mm): Pad 1 [GND] of D4 on F.Cu
    @(43.9375 mm, 122.0000 mm): Pad 2 [GND] of D3 on F.Cu
[unconnected_items]: Missing connection between items
    Local override; error
    @(48.0625 mm, 122.0000 mm): Pad 1 [GND] of D4 on F.Cu
    @(48.0000 mm, 134.0000 mm): PTH pad 1 [GND] of J4
[unconnected_items]: Missing connection between items
    Local override; error
    @(53.0000 mm, 137.6300 mm): PTH pad 6 [GND] of J5
    @(61.5000 mm, 137.6300 mm): PTH pad 6 [GND] of J6
[unconnected_items]: Missing connection between items
    Local override; error
    @(55.4250 mm, 108.0950 mm): Pad 1 [GND] of U5 on F.Cu
    @(66.3000 mm, 113.0000 mm): PTH pad 1 [GND] of C11
[unconnected_items]: Missing connection between items
    Local override; error
    @(65.3625 mm, 96.5000 mm): Pad 2 [GND] of U2 on F.Cu
    @(61.5000 mm, 95.5500 mm): Pad 2 [GND] of C3 on F.Cu
[unconnected_items]: Missing connection between items
    Local override; error
    @(65.3625 mm, 96.5000 mm): Pad 2 [GND] of U2 on F.Cu
    @(71.5000 mm, 95.5500 mm): Pad 2 [GND] of C4 on F.Cu
[unconnected_items]: Missing connection between items
    Local override; error
    @(66.3000 mm, 113.0000 mm): PTH pad 1 [GND] of C11
    @(70.5000 mm, 108.5000 mm): PTH pad 1 [GND] of C10
[unconnected_items]: Missing connection between items
    Local override; error
    @(67.4500 mm, 102.5000 mm): Pad 2 [GND] of C5 on F.Cu
    @(65.3625 mm, 96.5000 mm): Pad 2 [GND] of U2 on F.Cu
[unconnected_items]: Missing connection between items
    Local override; error
    @(67.4500 mm, 102.5000 mm): Pad 2 [GND] of C5 on F.Cu
    @(70.5000 mm, 108.5000 mm): PTH pad 1 [GND] of C10
[unconnected_items]: Missing connection between items
    Local override; error
    @(29.9800 mm, 98.3400 mm): Pad 3 [/D+] of USB1 on F.Cu
    @(34.2975 mm, 105.7700 mm): Pad 4 [/D+] of U3 on F.Cu
[unconnected_items]: Missing connection between items
    Local override; error
    @(29.3300 mm, 98.3400 mm): Pad 2 [/D-] of USB1 on F.Cu
    @(34.2975 mm, 105.2700 mm): Pad 5 [/D-] of U3 on F.Cu
[unconnected_items]: Missing connection between items
    Local override; error
    @(30.9500 mm, 112.0000 mm): Pad 2 [Net-(U3-VDD)] of C7 on F.Cu
    @(34.2975 mm, 104.7700 mm): Pad 6 [Net-(U3-VDD)] of U3 on F.Cu
[unconnected_items]: Missing connection between items
    Local override; error
    @(31.0000 mm, 127.4125 mm): Pad 1 [/VDD_5V] of R1 on F.Cu
    @(30.0000 mm, 137.0800 mm): PTH pad 3 [/VDD_5V] of J1
[unconnected_items]: Missing connection between items
    Local override; error
    @(34.2975 mm, 104.2700 mm): Pad 7 [/VDD_5V] of U3 on F.Cu
    @(31.0000 mm, 127.4125 mm): Pad 1 [/VDD_5V] of R1 on F.Cu
[unconnected_items]: Missing connection between items
    Local override; error
    @(35.1100 mm, 103.4575 mm): Pad 8 [/VDD_5V] of U3 on F.Cu
    @(34.2975 mm, 104.2700 mm): Pad 7 [/VDD_5V] of U3 on F.Cu
[unconnected_items]: Missing connection between items
    Local override; error
    @(35.6700 mm, 95.0000 mm): PTH pad 1 [/VDD_5V] of SW2
    @(35.1100 mm, 103.4575 mm): Pad 8 [/VDD_5V] of U3 on F.Cu
[unconnected_items]: Missing connection between items
    Local override; error
    @(44.4500 mm, 106.0000 mm): Pad 2 [/VDD_5V] of C8 on F.Cu
    @(47.8500 mm, 98.8000 mm): Pad 3 [/VDD_5V] of U1 on F.Cu
[unconnected_items]: Missing connection between items
    Local override; error
    @(44.4500 mm, 106.0000 mm): Pad 2 [/VDD_5V] of C8 on F.Cu
    @(35.1100 mm, 103.4575 mm): Pad 8 [/VDD_5V] of U3 on F.Cu
[unconnected_items]: Missing connection between items
    Local override; error
    @(52.0000 mm, 106.9125 mm): Pad 1 [/VDD_5V] of R7 on F.Cu
    @(55.4250 mm, 111.9050 mm): Pad 4 [/VDD_5V] of U5 on F.Cu
[unconnected_items]: Missing connection between items
    Local override; error
    @(52.0000 mm, 106.9125 mm): Pad 1 [/VDD_5V] of R7 on F.Cu
    @(44.4500 mm, 106.0000 mm): Pad 2 [/VDD_5V] of C8 on F.Cu
[unconnected_items]: Missing connection between items
    Local override; error
    @(55.0000 mm, 125.5875 mm): Pad 2 [/VDD_5V] of R5 on F.Cu
    @(55.4250 mm, 111.9050 mm): Pad 4 [/VDD_5V] of U5 on F.Cu
[unconnected_items]: Missing connection between items
    Local override; error
    @(55.4250 mm, 111.9050 mm): Pad 4 [/VDD_5V] of U5 on F.Cu
    @(60.5750 mm, 108.0950 mm): Pad 8 [/VDD_5V] of U5 on F.Cu
[unconnected_items]: Missing connection between items
    Local override; error
    @(55.5400 mm, 137.6300 mm): PTH pad 1 [/VDD_5V] of J5
    @(64.0400 mm, 137.6300 mm): PTH pad 1 [/VDD_5V] of J6
[unconnected_items]: Missing connection between items
    Local override; error
    @(55.5400 mm, 137.6300 mm): PTH pad 1 [/VDD_5V] of J5
    @(55.0000 mm, 125.5875 mm): Pad 2 [/VDD_5V] of R5 on F.Cu
[unconnected_items]: Missing connection between items
    Local override; error
    @(61.0000 mm, 125.5875 mm): Pad 2 [/VDD_5V] of R6 on F.Cu
    @(55.0000 mm, 125.5875 mm): Pad 2 [/VDD_5V] of R5 on F.Cu
[unconnected_items]: Missing connection between items
    Local override; error
    @(71.5000 mm, 97.4500 mm): Pad 1 [/VDD_5V] of C4 on F.Cu
    @(60.5750 mm, 108.0950 mm): Pad 8 [/VDD_5V] of U5 on F.Cu
[unconnected_items]: Missing connection between items
    Local override; error
    @(36.6100 mm, 108.0825 mm): Pad 25 [/RX] of U3 on F.Cu
    @(40.0000 mm, 130.0400 mm): PTH pad 2 [/RX] of J3
[unconnected_items]: Missing connection between items
    Local override; error
    @(40.0000 mm, 130.0400 mm): PTH pad 2 [/RX] of J3
    @(54.0625 mm, 122.0000 mm): Pad 1 [/RX] of D5 on F.Cu
[unconnected_items]: Missing connection between items
    Local override; error
    @(36.1100 mm, 108.0825 mm): Pad 26 [/TX] of U3 on F.Cu
    @(40.0000 mm, 132.5800 mm): PTH pad 3 [/TX] of J3
[unconnected_items]: Missing connection between items
    Local override; error
    @(40.0000 mm, 132.5800 mm): PTH pad 3 [/TX] of J3
    @(60.0625 mm, 122.0000 mm): Pad 1 [/TX] of D6 on F.Cu
[unconnected_items]: Missing connection between items
    Local override; error
    @(35.1100 mm, 108.0825 mm): Pad 28 [Net-(U3-DTR)] of U3 on F.Cu
    @(44.4500 mm, 112.0000 mm): Pad 2 [Net-(U3-DTR)] of C9 on F.Cu
[unconnected_items]: Missing connection between items
    Local override; error
    @(28.6800 mm, 98.3400 mm): Pad 1 [/VDD_5V_IN] of USB1 on F.Cu
    @(29.0500 mm, 106.0000 mm): Pad 1 [/VDD_5V_IN] of C6 on F.Cu
[unconnected_items]: Missing connection between items
    Local override; error
    @(37.8500 mm, 95.0000 mm): PTH pad 2 [/VDD_5V_IN] of SW2
    @(28.6800 mm, 98.3400 mm): Pad 1 [/VDD_5V_IN] of USB1 on F.Cu
[unconnected_items]: Missing connection between items
    Local override; error
    @(55.4250 mm, 109.3650 mm): Pad 2 [Net-(U5-TH)] of U5 on F.Cu
    @(52.0000 mm, 111.0875 mm): Pad 2 [Net-(U5-TH)] of R8 on F.Cu
[unconnected_items]: Missing connection between items
    Local override; error
    @(60.5750 mm, 110.6350 mm): Pad 6 [Net-(U5-TH)] of U5 on F.Cu
    @(55.4250 mm, 109.3650 mm): Pad 2 [Net-(U5-TH)] of U5 on F.Cu
[unconnected_items]: Missing connection between items
    Local override; error
    @(68.8000 mm, 113.0000 mm): PTH pad 2 [Net-(U5-TH)] of C11
    @(60.5750 mm, 110.6350 mm): Pad 6 [Net-(U5-TH)] of U5 on F.Cu
[unconnected_items]: Missing connection between items
    Local override; error
    @(43.0000 mm, 127.4125 mm): Pad 1 [/VDD_N] of R3 on F.Cu
    @(53.0000 mm, 132.5500 mm): PTH pad 4 [/VDD_N] of J5
[unconnected_items]: Missing connection between items
    Local override; error
    @(53.0000 mm, 132.5500 mm): PTH pad 4 [/VDD_N] of J5
    @(61.5000 mm, 132.5500 mm): PTH pad 4 [/VDD_N] of J6
[unconnected_items]: Missing connection between items
    Local override; error
    @(61.5000 mm, 132.5500 mm): PTH pad 4 [/VDD_N] of J6
    @(61.5000 mm, 97.4500 mm): Pad 1 [/VDD_N] of C3 on F.Cu
[unconnected_items]: Missing connection between items
    Local override; error
    @(65.3625 mm, 95.5500 mm): Pad 1 [/VDD_N] of U2 on F.Cu
    @(61.5000 mm, 97.4500 mm): Pad 1 [/VDD_N] of C3 on F.Cu
[unconnected_items]: Missing connection between items
    Local override; error
    @(37.0000 mm, 127.4125 mm): Pad 1 [/VDD_3V3] of R2 on F.Cu
    @(30.0000 mm, 132.0000 mm): PTH pad 1 [/VDD_3V3] of J1
[unconnected_items]: Missing connection between items
    Local override; error
    @(40.0000 mm, 127.5000 mm): PTH pad 1 [/VDD_3V3] of J3
    @(37.0000 mm, 127.4125 mm): Pad 1 [/VDD_3V3] of R2 on F.Cu
[unconnected_items]: Missing connection between items
    Local override; error
    @(40.0000 mm, 127.5000 mm): PTH pad 1 [/VDD_3V3] of J3
    @(55.5400 mm, 132.5500 mm): PTH pad 3 [/VDD_3V3] of J5
[unconnected_items]: Missing connection between items
    Local override; error
    @(54.1500 mm, 96.5000 mm): Pad 2 [/VDD_3V3] of U1 on F.Cu
    @(47.8500 mm, 96.5000 mm): Pad 2 [/VDD_3V3] of U1 on F.Cu
[unconnected_items]: Missing connection between items
    Local override; error
    @(55.5400 mm, 132.5500 mm): PTH pad 3 [/VDD_3V3] of J5
    @(64.0400 mm, 132.5500 mm): PTH pad 3 [/VDD_3V3] of J6
[unconnected_items]: Missing connection between items
    Local override; error
    @(64.0400 mm, 132.5500 mm): PTH pad 3 [/VDD_3V3] of J6
    @(65.5500 mm, 102.5000 mm): Pad 1 [/VDD_3V3] of C5 on F.Cu
[unconnected_items]: Missing connection between items
    Local override; error
    @(65.5500 mm, 102.5000 mm): Pad 1 [/VDD_3V3] of C5 on F.Cu
    @(54.1500 mm, 96.5000 mm): Pad 2 [/VDD_3V3] of U1 on F.Cu
[unconnected_items]: Missing connection between items
    Local override; error
    @(31.0000 mm, 125.5875 mm): Pad 2 [Net-(D1-A)] of R1 on F.Cu
    @(31.9375 mm, 122.0000 mm): Pad 2 [Net-(D1-A)] of D1 on F.Cu
[unconnected_items]: Missing connection between items
    Local override; error
    @(42.0625 mm, 122.0000 mm): Pad 1 [Net-(D3-K)] of D3 on F.Cu
    @(43.0000 mm, 125.5875 mm): Pad 2 [Net-(D3-K)] of R3 on F.Cu
[unconnected_items]: Missing connection between items
    Local override; error
    @(52.0000 mm, 105.0875 mm): Pad 2 [Net-(U5-DC)] of R7 on F.Cu
    @(52.0000 mm, 112.9125 mm): Pad 1 [Net-(U5-DC)] of R8 on F.Cu
[unconnected_items]: Missing connection between items
    Local override; error
    @(52.0000 mm, 112.9125 mm): Pad 1 [Net-(U5-DC)] of R8 on F.Cu
    @(60.5750 mm, 109.3650 mm): Pad 7 [Net-(U5-DC)] of U5 on F.Cu
[unconnected_items]: Missing connection between items
    Local override; error
    @(45.5000 mm, 97.4500 mm): Pad 1 [Net-(U2-EN)] of C1 on F.Cu
    @(30.0000 mm, 134.5400 mm): PTH pad 2 [Net-(U2-EN)] of J1
[unconnected_items]: Missing connection between items
    Local override; error
    @(65.3625 mm, 97.4500 mm): Pad 3 [Net-(U2-EN)] of U2 on F.Cu
    @(45.5000 mm, 97.4500 mm): Pad 1 [Net-(U2-EN)] of C1 on F.Cu
[unconnected_items]: Missing connection between items
    Local override; error
    @(67.6375 mm, 97.4500 mm): Pad 4 [Net-(U2-EN)] of U2 on F.Cu
    @(65.3625 mm, 97.4500 mm): Pad 3 [Net-(U2-EN)] of U2 on F.Cu
[unconnected_items]: Missing connection between items
    Local override; error
    @(56.5000 mm, 97.4500 mm): Pad 1 [Net-(U2-C1-)] of C2 on F.Cu
    @(67.6375 mm, 95.5500 mm): Pad 6 [Net-(U2-C1-)] of U2 on F.Cu
[unconnected_items]: Missing connection between items
    Local override; error
    @(56.5000 mm, 95.5500 mm): Pad 2 [Net-(U2-C1+)] of C2 on F.Cu
    @(67.6375 mm, 96.5000 mm): Pad 5 [Net-(U2-C1+)] of U2 on F.Cu
[unconnected_items]: Missing connection between items
    Local override; error
    @(67.9800 mm, 104.0800 mm): PTH pad 1 [/P1+] of J7
    @(55.5400 mm, 135.0900 mm): PTH pad 2 [/P1+] of J5
[unconnected_items]: Missing connection between items
    Local override; error
    @(70.5200 mm, 104.0800 mm): PTH pad 2 [/P1+] of J7
    @(67.9800 mm, 104.0800 mm): PTH pad 1 [/P1+] of J7
[unconnected_items]: Missing connection between items
    Local override; error
    @(73.0600 mm, 104.0800 mm): PTH pad 3 [/P1+] of J7
    @(70.5200 mm, 104.0800 mm): PTH pad 2 [/P1+] of J7
[unconnected_items]: Missing connection between items
    Local override; error
    @(67.9800 mm, 101.5400 mm): PTH pad 4 [/P1-] of J7
    @(53.0000 mm, 135.0900 mm): PTH pad 5 [/P1-] of J5
[unconnected_items]: Missing connection between items
    Local override; error
    @(70.5200 mm, 101.5400 mm): PTH pad 5 [/P1-] of J7
    @(67.9800 mm, 101.5400 mm): PTH pad 4 [/P1-] of J7
[unconnected_items]: Missing connection between items
    Local override; error
    @(73.0600 mm, 101.5400 mm): PTH pad 6 [/P1-] of J7
    @(70.5200 mm, 101.5400 mm): PTH pad 5 [/P1-] of J7
[unconnected_items]: Missing connection between items
    Local override; error
    @(40.0000 mm, 135.1200 mm): PTH pad 4 [/DTR] of J3
    @(42.5500 mm, 112.0000 mm): Pad 1 [/DTR] of C9 on F.Cu
[unconnected_items]: Missing connection between items
    Local override; error
    @(55.9375 mm, 122.0000 mm): Pad 2 [Net-(D5-A)] of D5 on F.Cu
    @(61.0000 mm, 127.4125 mm): Pad 1 [Net-(D5-A)] of R6 on F.Cu
[unconnected_items]: Missing connection between items
    Local override; error
    @(49.0000 mm, 125.5875 mm): Pad 2 [Net-(D4-A)] of R4 on F.Cu
    @(49.9375 mm, 122.0000 mm): Pad 2 [Net-(D4-A)] of D4 on F.Cu
[unconnected_items]: Missing connection between items
    Local override; error
    @(49.0000 mm, 127.4125 mm): Pad 1 [/1Hz] of R4 on F.Cu
    @(48.0000 mm, 136.5400 mm): PTH pad 2 [/1Hz] of J4
[unconnected_items]: Missing connection between items
    Local override; error
    @(55.4250 mm, 110.6350 mm): Pad 3 [/1Hz] of U5 on F.Cu
    @(49.0000 mm, 127.4125 mm): Pad 1 [/1Hz] of R4 on F.Cu
[unconnected_items]: Missing connection between items
    Local override; error
    @(37.0000 mm, 125.5875 mm): Pad 2 [Net-(D2-A)] of R2 on F.Cu
    @(37.9375 mm, 122.0000 mm): Pad 2 [Net-(D2-A)] of D2 on F.Cu
[unconnected_items]: Missing connection between items
    Local override; error
    @(55.0000 mm, 127.4125 mm): Pad 1 [Net-(D6-A)] of R5 on F.Cu
    @(61.9375 mm, 122.0000 mm): Pad 2 [Net-(D6-A)] of D6 on F.Cu
[unconnected_items]: Missing connection between items
    Local override; error
    @(60.5750 mm, 111.9050 mm): Pad 5 [Net-(U5-CV)] of U5 on F.Cu
    @(73.0000 mm, 108.5000 mm): PTH pad 2 [Net-(U5-CV)] of C10

** Found 0 Footprint errors **

** Ignored checks **
    - Footprint has no courtyard defined
    - Track endpoint not centered on via
    - Tuning profile track geometries
    - Footprint doesn't match symbol's footprint filters
    - Footprint component type doesn't match footprint pads

** End of Report **
